SystemMonitor: Starting monitoring with interval 1000 ms
Scanning directory: "I:/MY SDCards/dir0064.chk"
qrc:/SamsungGalleryTest/resources/qml/MainSemantic.qml:20:5: QML Settings: The Settings type from Qt.labs.settings is deprecated and will be removed in a future release. Please use the one from QtCore instead.
qml: Loading last folder: I:/
Scanning directory: "I:/"
[PERF] Thread Pool Initialized with 6 threads
Scanned 2090 items.
Scanned 13622 items.
[PERF][FAIL] "I:/torrentz/Software/Bluebeam.Revu.eXtreme.v20.2.80.66.x64/Bluebeam.Revu.eXtreme.v20.2.80.66.x64/Rahim-soft.com1.jpg" "Unknown error"
[PERF][FAIL] "I:/porn/Empornium seeds/LeaandBear/leaandbear/images/01_4bb98c51-5b47-487a-84c8-b706da0b6d45.jpg" "Unsupported image format"
[PERF][FAIL] "I:/porn/Empornium seeds/LeaandBear/leaandbear/images/01_139c8166-6790-4a34-a4a3-d832d097f7ce.jpg" "Unsupported image format"
[PERF][FAIL] "I:/porn/Empornium seeds/LeaandBear/leaandbear/images/ust a little impromptu shoot after some fantastic sex. Vide.._15_ab8f9dd6-3176-4477-b8bd-7526ee7e5972.jpg" "Unsupported image format"
[PERF][FAIL] "I:/porn/Empornium seeds/LeaandBear/leaandbear/images/01_06ccd423-7dba-4334-8d89-c112fcbd3cd6.jpg" "Unsupported image format"
[PERF][FAIL] "I:/porn/Empornium seeds/LeaandBear/leaandbear/images/ I have a mean streak._01_c6810f9d-b87a-4ce2-8f58-ed7fbcc9e172.jpg" "Unsupported image format"
[PERF][FAIL] "I:/porn/Empornium seeds/LeaandBear/leaandbear/images/ust a little impromptu shoot after some fantastic sex. Vide.._16_30b26f12-763f-46e2-9f37-2eb943c589ff.jpg" "Unsupported image format"
[PERF][FAIL] "I:/torrentz/Software/Adobe Photoshop 2021 v22.0.0.1012 (x64) Beta Pre-Cracked %7BCracksHash%7D/resources/content/images/appIcon.png" "File not found"
[PERF][FAIL] "I:/torrentz/Films/Russ Meyer Filmography/1979 - Beneath the Valley of the Ultra-Vixens/1979 - Beneath the Valley of the Ultra-Vixens %7Bdvd%7D.jpg" "File not found"
[PERF][FAIL] "I:/torrentz/Software/Bluebeam.Revu.eXtreme.v20.2.80.66.x64/Bluebeam.Revu.eXtreme.v20.2.80.66.x64/Rahim-soft.com1.jpg" "Unknown error"
[PERF][FAIL] "I:/torrentz/Software/Tenorshare ReiBoot Pro 7.3.0.3 + Key %7BB4tman%7D/B4tman.png" "File not found"
[PERF][FAIL] "I:/torrentz/Software/Tenorshare ReiBoot Pro 7.3.0.3 + Key %7BB4tman%7D/B4tman.png" "File not found"
[PERF][FAIL] "I:/torrentz/Software/Bluebeam.Revu.eXtreme.v20.2.80.66.x64/Bluebeam.Revu.eXtreme.v20.2.80.66.x64/Rahim-soft.com1.jpg" "Unknown error"
[PERF][FAIL] "I:/Wii500Gb backup/apps/nintendont/icon.png" "Unsupported image format"
[PERF][FAIL] "I:/porn/Empornium seeds/SiteRip/Brazzzers/Brazzers.2020.SiteRip.720p.x265/Screens/DayWithAPornstar.20.03.29.Victoria.June.Day.With.A.Pornstar.Victoria.June.720p.mp4.jpg" "Unsupported image format"
[PERF][FAIL] "I:/porn/Empornium seeds/SiteRip/Brazzzers/Brazzers.2020.SiteRip.720p.x265/Screens/DoctorAdventures.20.05.08.Abella.Danger.Use.It.Or.Lose.It.720p.mp4.jpg" "Unsupported image format"
[PERF][FAIL] "I:/porn/Empornium seeds/SiteRip/Brazzzers/Brazzers.2020.SiteRip.720p.x265/Screens/DoctorAdventures.20.08.29.The.Last.Dick.On.Earth.Remastered.720p.mp4.jpg" "Unsupported image format"
[PERF][FAIL] "I:/porn/Empornium seeds/SiteRip/Brazzzers/Brazzers.2020.SiteRip.720p.x265/Screens/PornstarsLikeitBig.20.11.03.Azul.Hermosa.Unzipped.And.Oiled.Up.720p.mp4.jpg" "Unsupported image format"
[PERF][FAIL] "I:/porn/Empornium seeds/SiteRip/Brazzzers/Brazzers.2020.SiteRip.720p.x265/Screens/RealWifeStories.20.02.03.Nicolette.Shea.Dirty.After.Dark.720p.mp4.jpg" "Unsupported image format"
[PERF][FAIL] "I:/porn/Empornium seeds/SiteRip/Brazzzers/Brazzers.2020.SiteRip.720p.x265/Screens/RealWifeStories.20.02.15.Kristen.Scott.Boning.The.Better.Brother.720p.mp4.jpg" "Unsupported image format"
[PERF][FAIL] "I:/porn/Empornium seeds/SiteRip/Brazzzers/Brazzers.2020.SiteRip.720p.x265/Screens/RealWifeStories.20.02.17.Angela.White.You.Gotta.Help.My.Wife.720p.mp4.jpg" "Unsupported image format"
[PERF][FAIL] "I:/porn/Empornium seeds/SiteRip/Brazzzers/Brazzers.2020.SiteRip.720p.x265/Screens/PornstarsLikeitBig.20.11.15.Kendra.Sunderland.Pink.Pleasure.720p.mp4.jpg" "Unsupported image format"
[PERF][FAIL] "I:/porn/Empornium seeds/SiteRip/Brazzzers/Brazzers.2020.SiteRip.720p.x265/Screens/DayWithAPornstar.20.04.14.Josephine.Jackson.Josephines.Intense.Workout.720p.mp4.jpg" "Unsupported image format"
[PERF][FAIL] "I:/porn/Empornium seeds/SiteRip/Brazzzers/Brazzers.2020.SiteRip.720p.x265/Screens/BigWetButts.20.05.01.Abella.Danger.So.Fresh.and.So.Clean.720p.mp4.jpg" "Unsupported image format"
[PERF][FAIL] "I:/porn/Empornium seeds/SiteRip/Brazzzers/Brazzers.2020.SiteRip.720p.x265/Screens/BrazzersExxtra.20.05.15.Abigail.Mac.Azul.Hermosa.A.Mistress.For.All.Seasons.720p.mp4.jpg" "Unsupported image format"
[PERF][FAIL] "I:/porn/Empornium seeds/SiteRip/Brazzzers/Brazzers.2020.SiteRip.720p.x265/Screens/DayWithAPornstar.20.05.23.Sybil.Sybil.Shows.Off.Her.Pussy.720p.mp4.jpg" "Unsupported image format"
[PERF][FAIL] "I:/porn/Empornium seeds/SiteRip/Brazzzers/Brazzers.2020.SiteRip.720p.x265/Screens/DayWithAPornstar.20.05.24.Anny.Aurora.Texas.Patti.Texas.Patti.and.Anny.Clean.Up.720p.mp4.jpg" "Unsupported image format"
[PERF][FAIL] "I:/porn/Empornium seeds/SiteRip/Brazzzers/Brazzers.2020.SiteRip.720p.x265/Screens/DayWithAPornstar.20.05.25.Katie.Kush.Kenzie.Madison.Katie.And.Kenzie.Get.Flexible.720p.mp4.jpg" "Unsupported image format"
[PERF][FAIL] "I:/porn/Empornium seeds/SiteRip/Brazzzers/Brazzers.2020.SiteRip.720p.x265/Screens/HotAndMean.20.11.03.Gabriella.Paltrova.Luna.Star.Pay.Attention.To.My.Pussy.720p.mp4.jpg" "Unsupported image format"
[PERF][FAIL] "I:/porn/Empornium seeds/SiteRip/Brazzzers/Brazzers.2020.SiteRip.720p.x265/Screens/HotAndMean.20.11.20.Kayla.Kayden.LaSirena69.Twos.Cumpany.Threesomes.A.Crowd.Part.1.720p.mp4.jpg" "Unsupported image format"
[PERF][FAIL] "I:/porn/Empornium seeds/SiteRip/Brazzzers/Brazzers.2020.SiteRip.720p.x265/Screens/PornstarsLikeitBig.20.05.01.Nicolette.Shea.Sheas.Got.The.Look.720p.mp4.jpg" "Unsupported image format"
[PERF][FAIL] "I:/porn/Empornium seeds/SiteRip/Brazzzers/Brazzers.2020.SiteRip.720p.x265/Screens/BrazzersExxtra.20.10.16.Kenzie.Reeves.Advanced.Anal.Stretching.Yoga.720p.mp4.jpg" "Unsupported image format"
[PERF][FAIL] "I:/porn/Empornium seeds/SiteRip/Brazzzers/Brazzers.2020.SiteRip.720p.x265/Screens/BrazzersExxtra.20.01.14.Valentina.Bianco.Library.Lechery.720p.mp4.jpg" "Unsupported image format"
[PERF][FAIL] "I:/porn/Empornium seeds/SiteRip/Brazzzers/Brazzers.2020.SiteRip.720p.x265/Screens/BrazzersExxtra.20.02.22.Adriana.Chechik.Fucking.Fired.720p.mp4.jpg" "Unsupported image format"
[PERF][FAIL] "I:/porn/Empornium seeds/SiteRip/Brazzzers/Brazzers.2020.SiteRip.720p.x265/Screens/BrazzersExxtra.20.02.24.Kenzie.Taylor.Blonde.Domme.Ination.720p.mp4.jpg" "Unsupported image format"
[PERF][FAIL] "I:/porn/Empornium seeds/SiteRip/Brazzzers/Brazzers.2020.SiteRip.720p.x265/Screens/DayWithAPornstar.20.05.21.Alexis.Fawx.Alexis.ASMR.720p.mp4.jpg" "Unsupported image format"
[PERF][FAIL] "I:/porn/Empornium seeds/SiteRip/Brazzzers/Brazzers.2020.SiteRip.720p.x265/Screens/BrazzersExxtra.20.11.19.Halle.Hayes.Roommates.With.Fuck.Buddy.Benefits.720p.mp4.jpg" "Unsupported image format"
[PERF][FAIL] "I:/porn/Empornium seeds/SiteRip/Brazzzers/Brazzers.2020.SiteRip.720p.x265/Screens/DayWithAPornstar.20.03.29.Victoria.June.Day.With.A.Pornstar.Victoria.June.720p.mp4.jpg" "Unsupported image format"
[PERF][FAIL] "I:/Wii500Gb backup/apps/nintendont/icon.png" "Unsupported image format"
[PERF][FAIL] "I:/porn/Empornium seeds/SiteRip/Brazzzers/Brazzers.2020.SiteRip.720p.x265/Screens/BrazzersExxtra.20.02.16.Tia.Cyrus.Lexi.Luna.The.Gift.Of.Cock.720p.mp4.jpg" "Unsupported image format"
[PERF][FAIL] "I:/porn/Empornium seeds/SiteRip/Brazzzers/Brazzers.2020.SiteRip.720p.x265/Screens/BrazzersExxtra.20.03.05.Havana.Bleu.Destination.Pleasure.720p.mp4.jpg" "Unsupported image format"
[PERF][FAIL] "I:/porn/Empornium seeds/SiteRip/Brazzzers/Brazzers.2020.SiteRip.720p.x265/Screens/TeensLikeItBig.20.02.04.Vanna.Bardot.Sneaking.A.Peek.720p.mp4.jpg" "Unsupported image format"
[PERF][FAIL] "I:/porn/Empornium seeds/SiteRip/Brazzzers/Brazzers.2020.SiteRip.720p.x265/Screens/BrazzersExxtra.20.12.15.Vicki.Chase.Sweat.It.Out.Rub.Her.Down.720p.mp4.jpg" "Unsupported image format"
[PERF][FAIL] "I:/porn/Empornium seeds/SiteRip/Brazzzers/Brazzers.2020.SiteRip.720p.x265/Screens/BrazzersExxtra.20.04.27.Vina.Sky.The.Gape.That.Keeps.On.Giving.720p.mp4.jpg" "Unsupported image format"
[PERF][FAIL] "I:/porn/Empornium seeds/SiteRip/Brazzzers/Brazzers.2020.SiteRip.720p.x265/Screens/RealWifeStories.20.08.21.Jasmine.Jae.His.Best.Friends.Bedding.720p.mp4.jpg" "Unsupported image format"
[PERF][FAIL] "I:/porn/Empornium seeds/SiteRip/Brazzzers/Brazzers.2020.SiteRip.720p.x265/Screens/DirtyMasseur.20.12.26.Chloe.Cherry.Massaging.Chloe.Cherry.720p.mp4.jpg" "Unsupported image format"
[PERF][FAIL] "I:/porn/Empornium seeds/SiteRip/Brazzzers/Brazzers.2020.SiteRip.720p.x265/Screens/BrazzersExxtra.20.09.25.Lacy.Lennon.Steve.Holmes.Sneaks.Pussy.720p.mp4.jpg" "Unsupported image format"
[PERF][FAIL] "I:/porn/Empornium seeds/SiteRip/Brazzzers/Brazzers.2020.SiteRip.720p.x265/Screens/BrazzersExxtra.20.05.19.Best.Of.Brazzers.Meanest.Lesbians.720p.mp4.jpg" "Unsupported image format"
[PERF][FAIL] "I:/porn/Empornium seeds/SiteRip/Brazzzers/Brazzers.2020.SiteRip.720p.x265/Screens/MilfsLikeitBig.20.01.09.Ryan.Keely.Tats.Tits.And.Ass.720p.mp4.jpg" "Unsupported image format"
[PERF][FAIL] "I:/porn/Empornium seeds/SiteRip/Brazzzers/Brazzers.2020.SiteRip.720p.x265/Screens/DayWithAPornstar.20.09.13.Reislin.Reislin.Wants.To.Fuck.720p.mp4.jpg" "Unsupported image format"
[PERF][FAIL] "I:/porn/Empornium seeds/SiteRip/Brazzzers/Brazzers.2020.SiteRip.720p.x265/Screens/DayWithAPornstar.20.04.12.Aidra.Fox.Aidra.Gets.Her.Fill.720p.mp4.jpg" "Unsupported image format"
[PERF][FAIL] "I:/porn/Empornium seeds/SiteRip/Brazzzers/Brazzers.2020.SiteRip.720p.x265/Screens/BrazzersExxtra.20.12.09.Aubree.Valentine.Intrud.Her.720p.mp4.jpg" "Unsupported image format"
[PERF][FAIL] "I:/porn/Empornium seeds/SiteRip/Brazzzers/Brazzers.2020.SiteRip.720p.x265/Screens/DayWithAPornstar.20.03.03.Desiree.Dulce.Day.With.A.Pornstar.Desiree.Dulce.720p.mp4.jpg" "Unsupported image format"
[PERF][FAIL] "I:/porn/Empornium seeds/SiteRip/Brazzzers/Brazzers.2020.SiteRip.720p.x265/Screens/BrazzersExxtra.20.10.14.Eveline.Dellai.Anal.Coaching.With.A.Big.Cock.720p.mp4.jpg" "Unsupported image format"
[PERF][FAIL] "I:/porn/Empornium seeds/SiteRip/Brazzzers/Brazzers.2020.SiteRip.720p.x265/Screens/DayWithAPornstar.20.12.01.Lana.Wolf.Lanas.Big.Natural.Titty.Tease.720p.mp4.jpg" "Unsupported image format"
[PERF][FAIL] "I:/porn/Empornium seeds/SiteRip/Brazzzers/Brazzers.2020.SiteRip.720p.x265/Screens/BrazzersLive.20.02.26.Valentines.Day.Affair.Unseen.Moments.720p.mp4.jpg" "Unsupported image format"
[PERF][FAIL] "I:/porn/Empornium seeds/SiteRip/Brazzzers/Brazzers.2020.SiteRip.720p.x265/Screens/BrazzersExxtra.20.12.25.Romi.Rain.Claus.Gets.To.Watch.720p.mp4.jpg" "Unsupported image format"
[PERF][FAIL] "I:/porn/Empornium seeds/SiteRip/Brazzzers/Brazzers.2020.SiteRip.720p.x265/Screens/RealWifeStories.20.02.17.Angela.White.You.Gotta.Help.My.Wife.720p.mp4.jpg" "Unsupported image format"
[PERF][FAIL] "I:/porn/Empornium seeds/SiteRip/Brazzzers/Brazzers.2020.SiteRip.720p.x265/Screens/RealWifeStories.20.02.03.Nicolette.Shea.Dirty.After.Dark.720p.mp4.jpg" "Unsupported image format"
[PERF][FAIL] "I:/porn/Empornium seeds/SiteRip/Brazzzers/Brazzers.2020.SiteRip.720p.x265/Screens/DoctorAdventures.20.05.08.Abella.Danger.Use.It.Or.Lose.It.720p.mp4.jpg" "Unsupported image format"
[PERF][FAIL] "I:/porn/Empornium seeds/SiteRip/Brazzzers/Brazzers.2020.SiteRip.720p.x265/Screens/DoctorAdventures.20.08.29.The.Last.Dick.On.Earth.Remastered.720p.mp4.jpg" "Unsupported image format"
[PERF][FAIL] "I:/porn/Empornium seeds/SiteRip/Brazzzers/Brazzers.2020.SiteRip.720p.x265/Screens/PornstarsLikeitBig.20.11.03.Azul.Hermosa.Unzipped.And.Oiled.Up.720p.mp4.jpg" "Unsupported image format"
[PERF][FAIL] "I:/porn/Empornium seeds/SiteRip/Brazzzers/Brazzers.2020.SiteRip.720p.x265/Screens/PornstarsLikeitBig.20.11.15.Kendra.Sunderland.Pink.Pleasure.720p.mp4.jpg" "Unsupported image format"
[PERF][FAIL] "I:/porn/Empornium seeds/SiteRip/Brazzzers/Brazzers.2020.SiteRip.720p.x265/Screens/RealWifeStories.20.02.15.Kristen.Scott.Boning.The.Better.Brother.720p.mp4.jpg" "Unsupported image format"
[PERF][FAIL] "I:/porn/Empornium seeds/SiteRip/Brazzzers/Brazzers.2020.SiteRip.720p.x265/Screens/DayWithAPornstar.20.04.14.Josephine.Jackson.Josephines.Intense.Workout.720p.mp4.jpg" "Unsupported image format"
[PERF][FAIL] "I:/porn/Empornium seeds/SiteRip/Brazzzers/Brazzers.2020.SiteRip.720p.x265/Screens/BrazzersExxtra.20.05.15.Abigail.Mac.Azul.Hermosa.A.Mistress.For.All.Seasons.720p.mp4.jpg" "Unsupported image format"
[PERF][FAIL] "I:/porn/Empornium seeds/SiteRip/Brazzzers/Brazzers.2020.SiteRip.720p.x265/Screens/BigWetButts.20.05.01.Abella.Danger.So.Fresh.and.So.Clean.720p.mp4.jpg" "Unsupported image format"
[PERF][FAIL] "I:/porn/Empornium seeds/SiteRip/Brazzzers/Brazzers.2020.SiteRip.720p.x265/Screens/BrazzersExxtra.20.05.15.Abigail.Mac.Azul.Hermosa.A.Mistress.For.All.Seasons.720p.mp4.jpg" "Unsupported image format"
[PERF][FAIL] "I:/porn/Empornium seeds/SiteRip/Brazzzers/Brazzers.2020.SiteRip.720p.x265/Screens/RealWifeStories.20.02.17.Angela.White.You.Gotta.Help.My.Wife.720p.mp4.jpg" "Unsupported image format"
[PERF][FAIL] "I:/porn/Empornium seeds/SiteRip/Brazzzers/Brazzers.2020.SiteRip.720p.x265/Screens/PornstarsLikeitBig.20.11.15.Kendra.Sunderland.Pink.Pleasure.720p.mp4.jpg" "Unsupported image format"
[PERF][FAIL] "I:/porn/Empornium seeds/SiteRip/Brazzzers/Brazzers.2020.SiteRip.720p.x265/Screens/RealWifeStories.20.02.15.Kristen.Scott.Boning.The.Better.Brother.720p.mp4.jpg" "Unsupported image format"
[PERF][FAIL] "I:/porn/Empornium seeds/SiteRip/Brazzzers/Brazzers.2020.SiteRip.720p.x265/Screens/PornstarsLikeitBig.20.11.03.Azul.Hermosa.Unzipped.And.Oiled.Up.720p.mp4.jpg" "Unsupported image format"
[PERF][FAIL] "I:/porn/Empornium seeds/SiteRip/Brazzzers/Brazzers.2020.SiteRip.720p.x265/Screens/DayWithAPornstar.20.03.29.Victoria.June.Day.With.A.Pornstar.Victoria.June.720p.mp4.jpg" "Unsupported image format"
[PERF][FAIL] "I:/porn/Empornium seeds/SiteRip/Brazzzers/Brazzers.2020.SiteRip.720p.x265/Screens/DoctorAdventures.20.05.08.Abella.Danger.Use.It.Or.Lose.It.720p.mp4.jpg" "Unsupported image format"
[PERF][FAIL] "I:/porn/Empornium seeds/SiteRip/Brazzzers/Brazzers.2020.SiteRip.720p.x265/Screens/RealWifeStories.20.02.03.Nicolette.Shea.Dirty.After.Dark.720p.mp4.jpg" "Unsupported image format"
[PERF][FAIL] "I:/porn/Empornium seeds/SiteRip/Brazzzers/Brazzers.2020.SiteRip.720p.x265/Screens/DoctorAdventures.20.08.29.The.Last.Dick.On.Earth.Remastered.720p.mp4.jpg" "Unsupported image format"
[PERF][FAIL] "I:/porn/Empornium seeds/Futanari.xxx/Futanari.xxx/Screenshots/futanari.22.12.16.josephine.jackson.holy.josephine.4k.mp4.jpg" "Unsupported image format"
[PERF][FAIL] "I:/porn/Empornium seeds/Futanari.xxx/Futanari.xxx/Screenshots/futanari.22.11.18.lady.gang.and.rika.fane.futatherapy.4k.mp4.jpg" "Unsupported image format"
[PERF][FAIL] "I:/torrentz/Films/Russ Meyer Filmography/1979 - Beneath the Valley of the Ultra-Vixens/1979 - Beneath the Valley of the Ultra-Vixens %7Bfront%7D.jpg" "File not found"
[PERF][FAIL] "I:/torrentz/Software/Adobe Photoshop 2021 v22.0.0.1012 (x64) Beta Pre-Cracked %7BCracksHash%7D/resources/content/images/appIcon2x.png" "File not found"
[PERF][FAIL] "I:/torrentz/Software/Adobe Photoshop 2021 v22.0.0.1012 (x64) Beta Pre-Cracked %7BCracksHash%7D/resources/content/images/appIcon.png" "File not found"
[PERF][FAIL] "I:/torrentz/Films/Russ Meyer Filmography/1979 - Beneath the Valley of the Ultra-Vixens/1979 - Beneath the Valley of the Ultra-Vixens %7Bdvd%7D.jpg" "File not found"
[PERF][FAIL] "I:/porn/Empornium seeds/Nubiles.Network.2019-11.SiteRip.720p.WEB-DL.AAC.x264-3X7Z0p/!Thumbnails/nubiles_eva_blade_3v_ready-to-ride1280_full_s.jpg" "Unsupported image format"
[PERF][FAIL] "I:/porn/Empornium seeds/Nubiles.Network.2019-11.SiteRip.720p.WEB-DL.AAC.x264-3X7Z0p/!Thumbnails/nubiles_eva_blade_4v_soapy-sensations1280_full_s.jpg" "Unsupported image format"
[PERF][FAIL] "I:/porn/Empornium seeds/Nubiles.Network.2019-11.SiteRip.720p.WEB-DL.AAC.x264-3X7Z0p/!Thumbnails/nubiles_julia_swank_4v_touch-and-tease1280_full_s.jpg" "Unsupported image format"
[PERF][FAIL] "I:/porn/Empornium seeds/Nubiles.Network.2019-11.SiteRip.720p.WEB-DL.AAC.x264-3X7Z0p/!Thumbnails/nubiles_eva_blade_2v_milky-masturbation1280_full_s.jpg" "Unsupported image format"
[PERF][FAIL] "I:/porn/Empornium seeds/LeaandBear/leaandbear/images/ust a little impromptu shoot after some fantastic sex. Vide.._16_30b26f12-763f-46e2-9f37-2eb943c589ff.jpg" "Unsupported image format"
[PERF][FAIL] "I:/porn/Empornium seeds/LeaandBear/leaandbear/images/ I have a mean streak._01_c6810f9d-b87a-4ce2-8f58-ed7fbcc9e172.jpg" "Unsupported image format"
[PERF][FAIL] "I:/porn/Empornium seeds/LeaandBear/leaandbear/images/01_139c8166-6790-4a34-a4a3-d832d097f7ce.jpg" "Unsupported image format"
[PERF][FAIL] "I:/porn/Empornium seeds/LeaandBear/leaandbear/images/01_4bb98c51-5b47-487a-84c8-b706da0b6d45.jpg" "Unsupported image format"
[PERF][FAIL] "I:/porn/Empornium seeds/LeaandBear/leaandbear/images/01_06ccd423-7dba-4334-8d89-c112fcbd3cd6.jpg" "Unsupported image format"
[PERF][FAIL] "I:/porn/Empornium seeds/LeaandBear/leaandbear/images/ust a little impromptu shoot after some fantastic sex. Vide.._15_ab8f9dd6-3176-4477-b8bd-7526ee7e5972.jpg" "Unsupported image format"
[PERF][FAIL] "I:/porn/Empornium seeds/SiteRip/Brazzzers/Brazzers.2020.SiteRip.720p.x265/Screens/BabyGotBoobs.20.01.03.Skylar.Vox.Stretching.Skylar.Out.720p.mp4.jpg" "Unsupported image format"
[PERF][FAIL] "I:/porn/Empornium seeds/SiteRip/Brazzzers/Brazzers.2020.SiteRip.720p.x265/Screens/BrazzersExxtra.20.03.11.Vanessa.Sky.Anal.About.Chores.720p.mp4.jpg" "Unsupported image format"
[PERF][FAIL] "I:/porn/Empornium seeds/SiteRip/Brazzzers/Brazzers.2020.SiteRip.720p.x265/Screens/BrazzersExxtra.20.12.15.Vicki.Chase.Sweat.It.Out.Rub.Her.Down.720p.mp4.jpg" "Unsupported image format"
[PERF][FAIL] "I:/porn/Empornium seeds/SiteRip/Brazzzers/Brazzers.2020.SiteRip.720p.x265/Screens/BrazzersExxtra.20.12.16.Nicole.Love.Oily.Yoga.2.720p.mp4.jpg" "Unsupported image format"
[PERF][FAIL] "I:/porn/Empornium seeds/SiteRip/Brazzzers/Brazzers.2020.SiteRip.720p.x265/Screens/DayWithAPornstar.20.05.21.Alexis.Fawx.Alexis.ASMR.720p.mp4.jpg" "Unsupported image format"
[PERF][FAIL] "I:/porn/Empornium seeds/SiteRip/Brazzzers/Brazzers.2020.SiteRip.720p.x265/Screens/HotAndMean.20.11.20.Kayla.Kayden.LaSirena69.Twos.Cumpany.Threesomes.A.Crowd.Part.1.720p.mp4.jpg" "Unsupported image format"
[PERF][FAIL] "I:/porn/Empornium seeds/SiteRip/Brazzzers/Brazzers.2020.SiteRip.720p.x265/Screens/BrazzersExxtra.20.01.14.Valentina.Bianco.Library.Lechery.720p.mp4.jpg" "Unsupported image format"
[PERF][FAIL] "I:/porn/Empornium seeds/SiteRip/Brazzzers/Brazzers.2020.SiteRip.720p.x265/Screens/BrazzersExxtra.20.10.16.Kenzie.Reeves.Advanced.Anal.Stretching.Yoga.720p.mp4.jpg" "Unsupported image format"
[PERF][FAIL] "I:/porn/Empornium seeds/SiteRip/Brazzzers/Brazzers.2020.SiteRip.720p.x265/Screens/PornstarsLikeitBig.20.05.01.Nicolette.Shea.Sheas.Got.The.Look.720p.mp4.jpg" "Unsupported image format"
[PERF][FAIL] "I:/porn/Empornium seeds/SiteRip/Brazzzers/Brazzers.2020.SiteRip.720p.x265/Screens/BrazzersExxtra.20.02.22.Adriana.Chechik.Fucking.Fired.720p.mp4.jpg" "Unsupported image format"
[PERF][FAIL] "I:/porn/Empornium seeds/SiteRip/Brazzzers/Brazzers.2020.SiteRip.720p.x265/Screens/BrazzersExxtra.20.02.24.Kenzie.Taylor.Blonde.Domme.Ination.720p.mp4.jpg" "Unsupported image format"
[PERF][FAIL] "I:/porn/Empornium seeds/SiteRip/Brazzzers/Brazzers.2020.SiteRip.720p.x265/Screens/DayWithAPornstar.20.05.23.Sybil.Sybil.Shows.Off.Her.Pussy.720p.mp4.jpg" "Unsupported image format"
[PERF][FAIL] "I:/porn/Empornium seeds/SiteRip/Brazzzers/Brazzers.2020.SiteRip.720p.x265/Screens/DayWithAPornstar.20.05.24.Anny.Aurora.Texas.Patti.Texas.Patti.and.Anny.Clean.Up.720p.mp4.jpg" "Unsupported image format"
[PERF][FAIL] "I:/porn/Empornium seeds/SiteRip/Brazzzers/Brazzers.2020.SiteRip.720p.x265/Screens/DayWithAPornstar.20.05.25.Katie.Kush.Kenzie.Madison.Katie.And.Kenzie.Get.Flexible.720p.mp4.jpg" "Unsupported image format"
[PERF][FAIL] "I:/porn/Empornium seeds/SiteRip/Brazzzers/Brazzers.2020.SiteRip.720p.x265/Screens/HotAndMean.20.11.03.Gabriella.Paltrova.Luna.Star.Pay.Attention.To.My.Pussy.720p.mp4.jpg" "Unsupported image format"
[PERF][FAIL] "I:/torrentz/Software/Bluebeam.Revu.eXtreme.v20.2.80.66.x64/Bluebeam.Revu.eXtreme.v20.2.80.66.x64/Rahim-soft.com1.jpg" "Unknown error"
[PERF][FAIL] "I:/porn/Empornium seeds/SiteRip/Brazzzers/Brazzers.2020.SiteRip.720p.x265/Screens/DayWithAPornstar.20.04.12.Aidra.Fox.Aidra.Gets.Her.Fill.720p.mp4.jpg" "Unsupported image format"
[PERF][FAIL] "I:/porn/Empornium seeds/SiteRip/Brazzzers/Brazzers.2020.SiteRip.720p.x265/Screens/MilfsLikeitBig.20.01.05.Cherie.Deville.Getting.Even.And.Getting.Laid.720p.mp4.jpg" "Unsupported image format"
[PERF][FAIL] "I:/porn/Empornium seeds/SiteRip/Brazzzers/Brazzers.2020.SiteRip.720p.x265/Screens/BabyGotBoobs.20.01.03.Skylar.Vox.Stretching.Skylar.Out.720p.mp4.jpg" "Unsupported image format"
[PERF][FAIL] "I:/porn/Empornium seeds/SiteRip/Brazzzers/Brazzers.2020.SiteRip.720p.x265/Screens/BabyGotBoobs.20.11.17.Gabbie.Carter.Sneaky.Shower.Sex.720p.mp4.jpg" "Unsupported image format"
[PERF][FAIL] "I:/porn/Empornium seeds/SiteRip/Brazzzers/Brazzers.2020.SiteRip.720p.x265/Screens/BrazzersExxtra.20.02.16.Tia.Cyrus.Lexi.Luna.The.Gift.Of.Cock.720p.mp4.jpg" "Unsupported image format"
[PERF][FAIL] "I:/porn/Empornium seeds/SiteRip/Brazzzers/Brazzers.2020.SiteRip.720p.x265/Screens/DayWithAPornstar.20.07.19.Kira.Queen.Candy.Alexa.Candy.And.Kira.Share.A.Bath.720p.mp4.jpg" "Unsupported image format"
[PERF][FAIL] "I:/porn/Empornium seeds/SiteRip/Brazzzers/Brazzers.2020.SiteRip.720p.x265/Screens/DayWithAPornstar.20.04.16.Luxury.Girl.Luxurys.New.Jeans.720p.mp4.jpg" "Unsupported image format"
[PERF][FAIL] "I:/porn/Empornium seeds/SiteRip/Brazzzers/Brazzers.2020.SiteRip.720p.x265/Screens/RealWifeStories.20.08.08.Peta.Jensen.Kendra.Lust.My.Two.Wives.Remastered.720p.mp4.jpg" "Unsupported image format"
[PERF][FAIL] "I:/porn/Empornium seeds/SiteRip/Brazzzers/Brazzers.2020.SiteRip.720p.x265/Screens/RealWifeStories.20.07.11.Adriana.Chechik.Kendra.Lust.Our.Sons.Girlfriend.Remastered.720p.mp4.jpg" "Unsupported image format"
[PERF][FAIL] "I:/porn/Empornium seeds/SiteRip/Brazzzers/Brazzers.2020.SiteRip.720p.x265/Screens/BrazzersExxtra.20.01.07.Katrina.Jade.Payton.Preslee.The.Businesswomans.Special.720p.mp4.jpg" "Unsupported image format"
[PERF][FAIL] "I:/porn/Empornium seeds/SiteRip/Brazzzers/Brazzers.2020.SiteRip.720p.x265/Screens/BrazzersExxtra.20.03.10.Khloe.Kapri.Checkmate.720p.mp4.jpg" "Unsupported image format"
[PERF][FAIL] "I:/porn/Empornium seeds/SiteRip/Brazzzers/Brazzers.2020.SiteRip.720p.x265/Screens/BrazzersExxtra.20.03.11.Vanessa.Sky.Anal.About.Chores.720p.mp4.jpg" "Unsupported image format"
[PERF][FAIL] "I:/porn/Empornium seeds/SiteRip/Brazzzers/Brazzers.2020.SiteRip.720p.x265/Screens/DayWithAPornstar.20.07.09.Luxury.Girl.Soaking.LuxuryGirls.Yoga.Pants.720p.mp4.jpg" "Unsupported image format"
[PERF][FAIL] "I:/porn/Empornium seeds/SiteRip/Brazzzers/Brazzers.2020.SiteRip.720p.x265/Screens/BrazzersExxtra.20.03.19.Desiree.Dulce.Used.720p.mp4.jpg" "Unsupported image format"
[PERF][FAIL] "I:/porn/Empornium seeds/SiteRip/Brazzzers/Brazzers.2020.SiteRip.720p.x265/Screens/DayWithAPornstar.20.07.15.Tru.Kait.Tru.Kait.Is.A.True.Tease.720p.mp4.jpg" "Unsupported image format"
[PERF][FAIL] "I:/porn/Empornium seeds/SiteRip/Brazzzers/Brazzers.2020.SiteRip.720p.x265/Screens/TeensLikeItBig.20.01.09.Alexis.Tae.Track.And.Feel.Her.720p.mp4.jpg" "Unsupported image format"
[PERF][FAIL] "I:/porn/Empornium seeds/SiteRip/Brazzzers/Brazzers.2020.SiteRip.720p.x265/Screens/BrazzersExxtra.20.11.18.Victoria.Cakes.Getting.Him.In.Fucking.Shape.720p.mp4.jpg" "Unsupported image format"
[PERF][FAIL] "I:/porn/Empornium seeds/SiteRip/Brazzzers/Brazzers.2020.SiteRip.720p.x265/Screens/TeensLikeItBig.20.01.26.Kyler.Quinn.Not.Too.Sick.For.Dick.720p.mp4.jpg" "Unsupported image format"
[PERF][FAIL] "I:/porn/Empornium seeds/SiteRip/Brazzzers/Brazzers.2020.SiteRip.720p.x265/Screens/BrazzersExxtra.20.11.19.Halle.Hayes.Roommates.With.Fuck.Buddy.Benefits.720p.mp4.jpg" "Unsupported image format"
[PERF][FAIL] "I:/porn/Empornium seeds/SiteRip/Brazzzers/Brazzers.2020.SiteRip.720p.x265/Screens/BrazzersExxtra.20.11.20.Kayla.Kayden.LaSirena69.Twos.Cumpany.Threesomes.A.Crowd.Part.2.720p.mp4.jpg" "Unsupported image format"
[PERF][FAIL] "I:/porn/Empornium seeds/SiteRip/Brazzzers/Brazzers.2020.SiteRip.720p.x265/Screens/BrazzersExxtra.20.05.16.Valentina.Nappi.Jumping.For.Jizz.720p.mp4.jpg" "Unsupported image format"
[PERF][FAIL] "I:/porn/Empornium seeds/SiteRip/Brazzzers/Brazzers.2020.SiteRip.720p.x265/Screens/BrazzersExxtra.20.05.19.Best.Of.Brazzers.Meanest.Lesbians.720p.mp4.jpg" "Unsupported image format"
[PERF][FAIL] "I:/porn/Empornium seeds/SiteRip/Brazzzers/Brazzers.2020.SiteRip.720p.x265/Screens/BrazzersExxtra.20.05.15.Best.Of.Brazzers.Squirt.Fest.720p.mp4.jpg" "Unsupported image format"
[PERF][FAIL] "I:/porn/Empornium seeds/SiteRip/Brazzzers/Brazzers.2020.SiteRip.720p.x265/Screens/BrazzersExxtra.20.05.19.Luna.Star.Kira.Noir.Group.Pers.Anal.Training.720p.mp4.jpg" "Unsupported image format"
[PERF][FAIL] "I:/porn/Empornium seeds/SiteRip/Brazzzers/Brazzers.2020.SiteRip.720p.x265/Screens/BrazzersExxtra.20.09.25.Lacy.Lennon.Steve.Holmes.Sneaks.Pussy.720p.mp4.jpg" "Unsupported image format"
[PERF][FAIL] "I:/porn/Empornium seeds/SiteRip/Brazzzers/Brazzers.2020.SiteRip.720p.x265/Screens/BrazzersExxtra.20.09.27.Abella.Danger.Seductress.In.Stockings.720p.mp4.jpg" "Unsupported image format"
[PERF][FAIL] "I:/porn/Empornium seeds/SiteRip/Brazzzers/Brazzers.2020.SiteRip.720p.x265/Screens/MilfsLikeitBig.20.01.08.Layton.Benton.Dont.Toy.With.My.Ass.720p.mp4.jpg" "Unsupported image format"
[PERF][FAIL] "I:/porn/Empornium seeds/SiteRip/Brazzzers/Brazzers.2020.SiteRip.720p.x265/Screens/MilfsLikeitBig.20.01.09.Ryan.Keely.Tats.Tits.And.Ass.720p.mp4.jpg" "Unsupported image format"
[PERF][FAIL] "I:/porn/Empornium seeds/SiteRip/Brazzzers/Brazzers.2020.SiteRip.720p.x265/Screens/BrazzersExxtra.20.09.24.Bella.Elise.Rose.Shes.Sweeter.When.Wet.720p.mp4.jpg" "Unsupported image format"
[PERF][FAIL] "I:/porn/Empornium seeds/SiteRip/Brazzzers/Brazzers.2020.SiteRip.720p.x265/Screens/DirtyMasseur.20.12.26.Chloe.Cherry.Massaging.Chloe.Cherry.720p.mp4.jpg" "Unsupported image format"
[PERF][FAIL] "I:/porn/Empornium seeds/SiteRip/Brazzzers/Brazzers.2020.SiteRip.720p.x265/Screens/MilfsLikeitBig.20.01.25.Katie.Monroe.Read.My.Lips.720p.mp4.jpg" "Unsupported image format"
[PERF][FAIL] "I:/porn/Empornium seeds/SiteRip/Brazzzers/Brazzers.2020.SiteRip.720p.x265/Screens/BrazzersExxtra.20.04.27.Vina.Sky.The.Gape.That.Keeps.On.Giving.720p.mp4.jpg" "Unsupported image format"
[PERF][FAIL] "I:/porn/Empornium seeds/SiteRip/Brazzzers/Brazzers.2020.SiteRip.720p.x265/Screens/BrazzersExxtra.20.04.29.Angela.White.Siri.Dahl.Sneaky.Shower.Threesome.720p.mp4.jpg" "Unsupported image format"
[PERF][FAIL] "I:/porn/Empornium seeds/SiteRip/Brazzzers/Brazzers.2020.SiteRip.720p.x265/Screens/BrazzersExxtra.20.04.29.Luna.Star.All.Dolled.Up.Anal.Edition.720p.mp4.jpg" "Unsupported image format"
[PERF][FAIL] "I:/porn/Empornium seeds/SiteRip/Brazzzers/Brazzers.2020.SiteRip.720p.x265/Screens/RealWifeStories.20.08.21.Jasmine.Jae.His.Best.Friends.Bedding.720p.mp4.jpg" "Unsupported image format"
[PERF][FAIL] "I:/porn/Empornium seeds/SiteRip/Brazzzers/Brazzers.2020.SiteRip.720p.x265/Screens/RealWifeStories.20.08.28.Isabelle.Deltore.An.Appetizing.Affair.720p.mp4.jpg" "Unsupported image format"
[PERF][FAIL] "I:/porn/Empornium seeds/SiteRip/Brazzzers/Brazzers.2020.SiteRip.720p.x265/Screens/RealWifeStories.20.09.11.Peta.Jensen.Kendra.Lust.Kissa.Sins.My.Three.Wives.Remastered.720p.mp4.jpg" "Unsupported image format"
[PERF][FAIL] "I:/porn/Empornium seeds/SiteRip/Brazzzers/Brazzers.2020.SiteRip.720p.x265/Screens/RealWifeStories.20.09.17.Emily.Blake.Bump.In.The.Night.720p.mp4.jpg" "Unsupported image format"
[PERF][FAIL] "I:/porn/Empornium seeds/SiteRip/Brazzzers/Brazzers.2020.SiteRip.720p.x265/Screens/BrazzersExxtra.20.12.13.Angela.White.Blindfolded.Fantasy.720p.mp4.jpg" "Unsupported image format"
[PERF][FAIL] "I:/porn/Empornium seeds/SiteRip/Brazzzers/Brazzers.2020.SiteRip.720p.x265/Screens/BrazzersExxtra.20.12.16.Nicole.Love.Oily.Yoga.2.720p.mp4.jpg" "Unsupported image format"
[PERF][FAIL] "I:/porn/Empornium seeds/SiteRip/Brazzzers/Brazzers.2020.SiteRip.720p.x265/Screens/BrazzersExxtra.20.12.15.Vicki.Chase.Sweat.It.Out.Rub.Her.Down.720p.mp4.jpg" "Unsupported image format"
[PERF][FAIL] "I:/porn/Empornium seeds/SiteRip/Brazzzers/Brazzers.2020.SiteRip.720p.x265/Screens/TeensLikeItBig.20.01.30.Katya.Rodriguez.These.Boots.Were.Made.for.Licking.720p.mp4.jpg" "Unsupported image format"
[PERF][FAIL] "I:/porn/Empornium seeds/SiteRip/Brazzzers/Brazzers.2020.SiteRip.720p.x265/Screens/TeensLikeItBig.20.02.04.Vanna.Bardot.Sneaking.A.Peek.720p.mp4.jpg" "Unsupported image format"
[PERF][FAIL] "I:/porn/Empornium seeds/SiteRip/Brazzzers/Brazzers.2020.SiteRip.720p.x265/Screens/HotAndMean.20.04.26.Alessandra.Jane.Anastasia.Doll.A.Hot.And.Mean.Proposition.720p.mp4.jpg" "Unsupported image format"
[PERF][FAIL] "I:/porn/Empornium seeds/SiteRip/Brazzzers/Brazzers.2020.SiteRip.720p.x265/Screens/HotAndMean.20.04.28.Maserati.XXX.Alice.Pink.Dommed.By.Her.Dad’s.Girlfriend.Part.1.720p.mp4.jpg" "Unsupported image format"
[PERF][FAIL] "I:/porn/Empornium seeds/Cospuri/[Cospuri] Emiri Momota Tifa Cosplay - X265/Screens/[Cospuri] 0447 Emiri Momota.mp4.jpg" "Unsupported image format"
[PERF][FAIL] "I:/porn/Empornium seeds/LeaandBear/leaandbear/images/ust a little impromptu shoot after some fantastic sex. Vide.._15_ab8f9dd6-3176-4477-b8bd-7526ee7e5972.jpg" "Unsupported image format"
[PERF][FAIL] "I:/porn/Empornium seeds/LeaandBear/leaandbear/images/ust a little impromptu shoot after some fantastic sex. Vide.._16_30b26f12-763f-46e2-9f37-2eb943c589ff.jpg" "Unsupported image format"
[PERF][FAIL] "I:/porn/Empornium seeds/LeaandBear/leaandbear/images/ I have a mean streak._01_c6810f9d-b87a-4ce2-8f58-ed7fbcc9e172.jpg" "Unsupported image format"
[PERF][FAIL] "I:/porn/Empornium seeds/LeaandBear/leaandbear/images/01_4bb98c51-5b47-487a-84c8-b706da0b6d45.jpg" "Unsupported image format"
[PERF][FAIL] "I:/porn/Empornium seeds/LeaandBear/leaandbear/images/01_06ccd423-7dba-4334-8d89-c112fcbd3cd6.jpg" "Unsupported image format"
[PERF][FAIL] "I:/porn/Empornium seeds/Hentaied.com/hentaied/??????/hentaied.23.12.15.lia.lin.its.electric.4k.jpeg" "Unsupported image format"
[PERF][FAIL] "I:/porn/Empornium seeds/Hentaied.com/hentaied/??????/hentaied.24.01.12.ellie.luna.and.emiri.momota.under.the.blankets.4k.mp4.jpg" "Unsupported image format"
[PERF][FAIL] "I:/porn/Empornium seeds/LeaandBear/leaandbear/images/01_139c8166-6790-4a34-a4a3-d832d097f7ce.jpg" "Unsupported image format"
[PERF][FAIL] "I:/porn/Empornium seeds/Nubiles.Network.2019-11.SiteRip.720p.WEB-DL.AAC.x264-3X7Z0p/!Thumbnails/nubiles_julia_swank_4v_touch-and-tease1280_full_s.jpg" "Unsupported image format"
[PERF][FAIL] "I:/porn/Empornium seeds/Nubiles.Network.2019-11.SiteRip.720p.WEB-DL.AAC.x264-3X7Z0p/!Thumbnails/nubiles_eva_blade_4v_soapy-sensations1280_full_s.jpg" "Unsupported image format"
[PERF][FAIL] "I:/porn/Empornium seeds/Nubiles.Network.2019-11.SiteRip.720p.WEB-DL.AAC.x264-3X7Z0p/!Thumbnails/nubiles_eva_blade_3v_ready-to-ride1280_full_s.jpg" "Unsupported image format"
[PERF][FAIL] "I:/porn/Empornium seeds/Nubiles.Network.2019-11.SiteRip.720p.WEB-DL.AAC.x264-3X7Z0p/!Thumbnails/nubiles_eva_blade_2v_milky-masturbation1280_full_s.jpg" "Unsupported image format"
qrc:/SamsungGalleryTest/resources/qml/MainSemantic.qml:351: TypeError: Cannot read property 'graphicsApi' of null
qrc:/SamsungGalleryTest/resources/qml/StatsOverlay.qml:141: TypeError: Cannot read property 'concurrentThreads' of null
qrc:/SamsungGalleryTest/resources/qml/StatsOverlay.qml:130: TypeError: Cannot read property 'cacheSizeMB' of null
qrc:/SamsungGalleryTest/resources/qml/StatsOverlay.qml:119: TypeError: Cannot read property 'gridSize' of null
qrc:/SamsungGalleryTest/resources/qml/StatsOverlay.qml:108: TypeError: Cannot read property 'thumbnailSize' of null
qrc:/SamsungGalleryTest/resources/qml/MainSemantic.qml:291: TypeError: Cannot call method 'getGpuName' of null
qrc:/SamsungGalleryTest/resources/qml/MainSemantic.qml:249: TypeError: Cannot read property 'graphicsApi' of null
qrc:/SamsungGalleryTest/resources/qml/MainSemantic.qml:241: TypeError: Cannot read property 'selectedApi' of null
[PERF][FAIL] "I:/torrentz/Software/Bluebeam.Revu.eXtreme.v20.2.80.66.x64/Bluebeam.Revu.eXtreme.v20.2.80.66.x64/Rahim-soft.com1.jpg" "Unknown error"
[PERF][FAIL] "I:/porn/Empornium seeds/LeaandBear/leaandbear/images/01_06ccd423-7dba-4334-8d89-c112fcbd3cd6.jpg" "Unsupported image format"
[PERF][FAIL] "I:/porn/Empornium seeds/LeaandBear/leaandbear/images/01_139c8166-6790-4a34-a4a3-d832d097f7ce.jpg" "Unsupported image format"
[PERF][FAIL] "I:/porn/Empornium seeds/LeaandBear/leaandbear/images/ust a little impromptu shoot after some fantastic sex. Vide.._15_ab8f9dd6-3176-4477-b8bd-7526ee7e5972.jpg" "Unsupported image format"
[PERF][FAIL] "I:/porn/Empornium seeds/Nubiles.Network.2019-11.SiteRip.720p.WEB-DL.AAC.x264-3X7Z0p/!Thumbnails/nubiles_eva_blade_2v_milky-masturbation1280_full_s.jpg" "Unsupported image format"
[PERF][FAIL] "I:/porn/Empornium seeds/LeaandBear/leaandbear/images/01_4bb98c51-5b47-487a-84c8-b706da0b6d45.jpg" "Unsupported image format"
[PERF][FAIL] "I:/porn/Empornium seeds/LeaandBear/leaandbear/images/ I have a mean streak._01_c6810f9d-b87a-4ce2-8f58-ed7fbcc9e172.jpg" "Unsupported image format"
[PERF][FAIL] "I:/porn/Empornium seeds/LeaandBear/leaandbear/images/ust a little impromptu shoot after some fantastic sex. Vide.._16_30b26f12-763f-46e2-9f37-2eb943c589ff.jpg" "Unsupported image format"
[PERF][FAIL] "I:/torrentz/Software/Bluebeam.Revu.eXtreme.v20.2.80.66.x64/Bluebeam.Revu.eXtreme.v20.2.80.66.x64/Rahim-soft.com1.jpg" "Unknown error"
[PERF][FAIL] "I:/porn/Empornium seeds/Nubiles.Network.2019-11.SiteRip.720p.WEB-DL.AAC.x264-3X7Z0p/!Thumbnails/nubiles_julia_swank_4v_touch-and-tease1280_full_s.jpg" "Unsupported image format"
[PERF][FAIL] "I:/porn/Empornium seeds/Nubiles.Network.2019-11.SiteRip.720p.WEB-DL.AAC.x264-3X7Z0p/!Thumbnails/nubiles_eva_blade_4v_soapy-sensations1280_full_s.jpg" "Unsupported image format"
[PERF][FAIL] "I:/porn/Empornium seeds/Nubiles.Network.2019-11.SiteRip.720p.WEB-DL.AAC.x264-3X7Z0p/!Thumbnails/nubiles_eva_blade_3v_ready-to-ride1280_full_s.jpg" "Unsupported image format"
